// Jest Snapshot v1, https://goo.gl/fbAQLP

exports[`pruebas en <NotesScreen/> debe mostrarse correctamente 1`] = `
<div
  className="notes__main-content"
>
  <div
    className="notes__appbar"
  >
    <span>
      Saturday, March 27th
    </span>
    <input
      onChange={[Function]}
      style={
        Object {
          "display": "none",
        }
      }
      type="file"
    />
    <div>
      <button
        className="btn"
        onClick={[Function]}
      >
        Picture
      </button>
      <button
        className="btn"
        onClick={[Function]}
      >
        Save
      </button>
    </div>
  </div>
  <div
    className="notes__content"
  >
    <input
      autoComplete="off"
      className="notes__title-input"
      name="title"
      onChange={[Function]}
      placeholder="Some awesome title"
      type="text"
      value="Hi"
    />
    <textarea
      autoComplete="off"
      className="notes__textarea"
      name="body"
      onChange={[Function]}
      placeholder="What Happened today?"
      value="mundo"
    />
    <div
      className="notes__image"
    />
  </div>
  <button
    className="btn btn-warning"
    onClick={[Function]}
  >
    Delete
  </button>
</div>
`;
