// Jest Snapshot v1, https://goo.gl/fbAQLP

exports[`pruebas en <Sidebar/> debe mostrarse correctamente 1`] = `
<aside
  className="journal__sidebar"
>
  <div
    className="journal__sidebar-navbar"
  >
    <h3
      className="mt-5"
    >
      <i
        className="far fa-moon"
      />
      <span
        className="journal__displayname"
      />
    </h3>
    <button
      className="btn"
      onClick={[Function]}
    >
      Logout
    </button>
  </div>
  <div
    className="journal__new-entry"
    onClick={[Function]}
  >
    <i
      className="fa fa-calendar-plus fa-5x pointer"
    />
    <p>
      New Entry
    </p>
  </div>
  <div
    className="journal__entries"
  />
</aside>
`;
