// Jest Snapshot v1, https://goo.gl/fbAQLP

exports[`pruebas en <JournalEntry/> debe mostrarse correctamente 1`] = `
<div
  className="animate__animated animate__pulse journal__entry mt-1"
  onClick={[Function]}
>
  <div
    className="journal__entry-picture"
    style={
      Object {
        "backgroundImage": "url(https://hixd.com/foto.png)",
        "backgroundSize": "cover",
      }
    }
  />
  <div
    className="journal__entry-body"
  >
    <p
      className="journal__entry-title"
    >
      hola
    </p>
    <div
      className="journal__entry-content"
    >
      mundo
    </div>
  </div>
  <div
    className="journal__entry-date-box"
  >
    <span>
      Wednesday
    </span>
    <h4>
      31st
    </h4>
  </div>
</div>
`;
